// Jest Snapshot v1, https://goo.gl/fbAQLP

exports[`renders correctly 1`] = `
<styled.div>
  <styled.div>
    Ride ETA:Â 
     
    <b>
      5
       mins
    </b>
  </styled.div>
</styled.div>
`;
